// Jest Snapshot v1, https://goo.gl/fbAQLP @generated

exports[`Wallet with BCH balances and tokens 1`] = `null`;

exports[`Wallet with BCH balances and tokens and state field 1`] = `
<div
  className="sc-kGXeez djtubK"
>
  <div
    className="sc-jKJlTe hrFzvR"
  >
    6.001
     
    TBS
  </div>
  <div
    className="ant-row"
    style={Object {}}
    type="flex"
  >
    <div
      className="ant-col ant-col-24"
      style={Object {}}
    >
      <div />
    </div>
  </div>
</div>
`;

exports[`Without wallet defined 1`] = `null`;
